// Jest Snapshot v1, https://goo.gl/fbAQLP

exports[`Testing add expense page render 1`] = `
<div>
  <h1>
    Add expence
  </h1>
  <ExpenseForm
    onSubmit={[Function]}
  />
</div>
`;
