// Jest Snapshot v1, https://goo.gl/fbAQLP

exports[`testing Edit Expense Page rendering 1`] = `
<div>
  <ExpenseForm
    expense={
      Object {
        "amount": 2300,
        "createdAt": 0,
        "description": "Gum",
        "id": "1",
        "note": "",
      }
    }
    onSubmit={[Function]}
  />
  <button
    onClick={[Function]}
  >
     Remove Expense 
  </button>
</div>
`;
