// Jest Snapshot v1, https://goo.gl/fbAQLP

exports[`Testing ExpenseListItem 1`] = `
<div>
  <Link
    to="/edit/1"
  >
    <p>
        
      Expense Gum
    </p>
     
  </Link>
  <p>
    $23.00 
                31st December 1969
     
  </p>
</div>
`;
