// Jest Snapshot v1, https://goo.gl/fbAQLP

exports[`testing header component 1`] = `
<header>
  <h1>
    Expensify !!!!!
  </h1>
  <NavLink
    activeClassName="is-active"
    exact={true}
    to="/"
  >
    Home
  </NavLink>
  <NavLink
    activeClassName="is-active"
    to="/create"
  >
    Create expense
  </NavLink>
  <NavLink
    activeClassName="is-active"
    to="/help"
  >
    Help page
  </NavLink>
</header>
`;
